// Jest Snapshot v1, https://goo.gl/fbAQLP

exports[`MainContainer.vue should correctly renders markup 1`] = `<div class="main-container">test-content</div>`;
